Archive member included to satisfy reference by file (symbol)

c:/users/myungjoong/eclipse/cpp-oxygen/gcc-arm-none-eabi-7-2017-q4-major-win32/bin/../lib/gcc/arm-none-eabi/7.2.1/thumb/v7e-m\libgcc.a(_arm_addsubsf3.o)
                              ./src/main.o (__aeabi_fadd)
c:/users/myungjoong/eclipse/cpp-oxygen/gcc-arm-none-eabi-7-2017-q4-major-win32/bin/../lib/gcc/arm-none-eabi/7.2.1/thumb/v7e-m\libgcc.a(_arm_muldivsf3.o)
                              ./src/main.o (__aeabi_fmul)
c:/users/myungjoong/eclipse/cpp-oxygen/gcc-arm-none-eabi-7-2017-q4-major-win32/bin/../lib/gcc/arm-none-eabi/7.2.1/thumb/v7e-m\libgcc.a(_arm_fixsfsi.o)
                              ./src/main.o (__aeabi_f2iz)
c:/users/myungjoong/eclipse/cpp-oxygen/gcc-arm-none-eabi-7-2017-q4-major-win32/bin/../lib/gcc/arm-none-eabi/7.2.1/../../../../arm-none-eabi/lib/thumb/v7e-m\libg_nano.a(lib_a-errno.o)
                              ./system/src/newlib/_sbrk.o (__errno)
c:/users/myungjoong/eclipse/cpp-oxygen/gcc-arm-none-eabi-7-2017-q4-major-win32/bin/../lib/gcc/arm-none-eabi/7.2.1/../../../../arm-none-eabi/lib/thumb/v7e-m\libg_nano.a(lib_a-findfp.o)
                              ./system/src/newlib/_syscalls.o (__sinit)
c:/users/myungjoong/eclipse/cpp-oxygen/gcc-arm-none-eabi-7-2017-q4-major-win32/bin/../lib/gcc/arm-none-eabi/7.2.1/../../../../arm-none-eabi/lib/thumb/v7e-m\libg_nano.a(lib_a-fwalk.o)
                              c:/users/myungjoong/eclipse/cpp-oxygen/gcc-arm-none-eabi-7-2017-q4-major-win32/bin/../lib/gcc/arm-none-eabi/7.2.1/../../../../arm-none-eabi/lib/thumb/v7e-m\libg_nano.a(lib_a-findfp.o) (_fwalk)
c:/users/myungjoong/eclipse/cpp-oxygen/gcc-arm-none-eabi-7-2017-q4-major-win32/bin/../lib/gcc/arm-none-eabi/7.2.1/../../../../arm-none-eabi/lib/thumb/v7e-m\libg_nano.a(lib_a-impure.o)
                              c:/users/myungjoong/eclipse/cpp-oxygen/gcc-arm-none-eabi-7-2017-q4-major-win32/bin/../lib/gcc/arm-none-eabi/7.2.1/../../../../arm-none-eabi/lib/thumb/v7e-m\libg_nano.a(lib_a-findfp.o) (_global_impure_ptr)
c:/users/myungjoong/eclipse/cpp-oxygen/gcc-arm-none-eabi-7-2017-q4-major-win32/bin/../lib/gcc/arm-none-eabi/7.2.1/../../../../arm-none-eabi/lib/thumb/v7e-m\libg_nano.a(lib_a-locale.o)
                              ./system/src/newlib/_syscalls.o (__locale_ctype_ptr)
c:/users/myungjoong/eclipse/cpp-oxygen/gcc-arm-none-eabi-7-2017-q4-major-win32/bin/../lib/gcc/arm-none-eabi/7.2.1/../../../../arm-none-eabi/lib/thumb/v7e-m\libg_nano.a(lib_a-mbtowc_r.o)
                              c:/users/myungjoong/eclipse/cpp-oxygen/gcc-arm-none-eabi-7-2017-q4-major-win32/bin/../lib/gcc/arm-none-eabi/7.2.1/../../../../arm-none-eabi/lib/thumb/v7e-m\libg_nano.a(lib_a-locale.o) (__ascii_mbtowc)
c:/users/myungjoong/eclipse/cpp-oxygen/gcc-arm-none-eabi-7-2017-q4-major-win32/bin/../lib/gcc/arm-none-eabi/7.2.1/../../../../arm-none-eabi/lib/thumb/v7e-m\libg_nano.a(lib_a-memset.o)
                              ./system/src/newlib/_syscalls.o (memset)
c:/users/myungjoong/eclipse/cpp-oxygen/gcc-arm-none-eabi-7-2017-q4-major-win32/bin/../lib/gcc/arm-none-eabi/7.2.1/../../../../arm-none-eabi/lib/thumb/v7e-m\libg_nano.a(lib_a-nano-mallocr.o)
                              c:/users/myungjoong/eclipse/cpp-oxygen/gcc-arm-none-eabi-7-2017-q4-major-win32/bin/../lib/gcc/arm-none-eabi/7.2.1/../../../../arm-none-eabi/lib/thumb/v7e-m\libg_nano.a(lib_a-findfp.o) (_malloc_r)
c:/users/myungjoong/eclipse/cpp-oxygen/gcc-arm-none-eabi-7-2017-q4-major-win32/bin/../lib/gcc/arm-none-eabi/7.2.1/../../../../arm-none-eabi/lib/thumb/v7e-m\libg_nano.a(lib_a-sbrkr.o)
                              c:/users/myungjoong/eclipse/cpp-oxygen/gcc-arm-none-eabi-7-2017-q4-major-win32/bin/../lib/gcc/arm-none-eabi/7.2.1/../../../../arm-none-eabi/lib/thumb/v7e-m\libg_nano.a(lib_a-nano-mallocr.o) (_sbrk_r)
c:/users/myungjoong/eclipse/cpp-oxygen/gcc-arm-none-eabi-7-2017-q4-major-win32/bin/../lib/gcc/arm-none-eabi/7.2.1/../../../../arm-none-eabi/lib/thumb/v7e-m\libg_nano.a(lib_a-stdio.o)
                              c:/users/myungjoong/eclipse/cpp-oxygen/gcc-arm-none-eabi-7-2017-q4-major-win32/bin/../lib/gcc/arm-none-eabi/7.2.1/../../../../arm-none-eabi/lib/thumb/v7e-m\libg_nano.a(lib_a-findfp.o) (__sread)
c:/users/myungjoong/eclipse/cpp-oxygen/gcc-arm-none-eabi-7-2017-q4-major-win32/bin/../lib/gcc/arm-none-eabi/7.2.1/../../../../arm-none-eabi/lib/thumb/v7e-m\libg_nano.a(lib_a-strcmp.o)
                              ./system/src/cortexm/exception_handlers.o (strcmp)
c:/users/myungjoong/eclipse/cpp-oxygen/gcc-arm-none-eabi-7-2017-q4-major-win32/bin/../lib/gcc/arm-none-eabi/7.2.1/../../../../arm-none-eabi/lib/thumb/v7e-m\libg_nano.a(lib_a-strlen.o)
                              ./system/src/newlib/_syscalls.o (strlen)
c:/users/myungjoong/eclipse/cpp-oxygen/gcc-arm-none-eabi-7-2017-q4-major-win32/bin/../lib/gcc/arm-none-eabi/7.2.1/../../../../arm-none-eabi/lib/thumb/v7e-m\libg_nano.a(lib_a-strncpy.o)
                              ./system/src/newlib/_syscalls.o (strncpy)
[...]
Memory Configuration

Name             Origin             Length             Attributes
RAM              0x20000000         0x00010000         xrw
CCMRAM           0x10000000         0x00000000         xrw
FLASH            0x08000000         0x00100000         xr
FLASHB1          0x00000000         0x00000000         xr
EXTMEMB0         0x00000000         0x00000000         xr
EXTMEMB1         0x00000000         0x00000000         xr
EXTMEMB2         0x00000000         0x00000000         xr
EXTMEMB3         0x00000000         0x00000000         xr
*default*        0x00000000         0xffffffff

Linker script and memory map

LOAD ./system/src/stm32f4-hal/stm32f4xx_hal.o
LOAD ./system/src/stm32f4-hal/stm32f4xx_hal_cortex.o
LOAD ./system/src/stm32f4-hal/stm32f4xx_hal_dfsdm.o
LOAD ./system/src/stm32f4-hal/stm32f4xx_hal_flash.o
LOAD ./system/src/stm32f4-hal/stm32f4xx_hal_gpio.o
LOAD ./system/src/stm32f4-hal/stm32f4xx_hal_iwdg.o
LOAD ./system/src/stm32f4-hal/stm32f4xx_hal_pwr.o
LOAD ./system/src/stm32f4-hal/stm32f4xx_hal_rcc.o
LOAD ./system/src/newlib/_cxx.o
LOAD ./system/src/newlib/_exit.o
LOAD ./system/src/newlib/_sbrk.o
LOAD ./system/src/newlib/_startup.o
LOAD ./system/src/newlib/_syscalls.o
LOAD ./system/src/newlib/assert.o
LOAD ./system/src/diag/Trace.o
LOAD ./system/src/diag/trace_impl.o
LOAD ./system/src/cortexm/_initialize_hardware.o
LOAD ./system/src/cortexm/_reset_hardware.o
LOAD ./system/src/cortexm/exception_handlers.o
LOAD ./system/src/cmsis/system_stm32f4xx.o
LOAD ./system/src/cmsis/vectors_stm32f401xc.o
LOAD ./src/_initialize_hardware.o
LOAD ./src/_write.o
LOAD ./src/main.o
LOAD ./src/stm32f4xx_hal_msp.o
LOAD c:/users/myungjoong/eclipse/cpp-oxygen/gcc-arm-none-eabi-7-2017-q4-major-win32/bin/../lib/gcc/arm-none-eabi/7.2.1/../../../../arm-none-eabi/lib/thumb/v7e-m\libstdc++_nano.a
LOAD c:/users/myungjoong/eclipse/cpp-oxygen/gcc-arm-none-eabi-7-2017-q4-major-win32/bin/../lib/gcc/arm-none-eabi/7.2.1/../../../../arm-none-eabi/lib/thumb/v7e-m\libm.a
START GROUP
LOAD c:/users/myungjoong/eclipse/cpp-oxygen/gcc-arm-none-eabi-7-2017-q4-major-win32/bin/../lib/gcc/arm-none-eabi/7.2.1/thumb/v7e-m\libgcc.a
LOAD c:/users/myungjoong/eclipse/cpp-oxygen/gcc-arm-none-eabi-7-2017-q4-major-win32/bin/../lib/gcc/arm-none-eabi/7.2.1/../../../../arm-none-eabi/lib/thumb/v7e-m\libg_nano.a
LOAD c:/users/myungjoong/eclipse/cpp-oxygen/gcc-arm-none-eabi-7-2017-q4-major-win32/bin/../lib/gcc/arm-none-eabi/7.2.1/../../../../arm-none-eabi/lib/thumb/v7e-m\libc_nano.a
END GROUP
START GROUP
LOAD c:/users/myungjoong/eclipse/cpp-oxygen/gcc-arm-none-eabi-7-2017-q4-major-win32/bin/../lib/gcc/arm-none-eabi/7.2.1/thumb/v7e-m\libgcc.a
LOAD c:/users/myungjoong/eclipse/cpp-oxygen/gcc-arm-none-eabi-7-2017-q4-major-win32/bin/../lib/gcc/arm-none-eabi/7.2.1/../../../../arm-none-eabi/lib/thumb/v7e-m\libc_nano.a
END GROUP
                0x20010000                __stack = (ORIGIN (RAM) + LENGTH (RAM))
                0x20010000                _estack = __stack
                0x00000400                __Main_Stack_Size = 0x400
                [!provide]                PROVIDE (_Main_Stack_Size, __Main_Stack_Size)
                0x2000fc00                __Main_Stack_Limit = (__stack - __Main_Stack_Size)
                [!provide]                PROVIDE (_Main_Stack_Limit, __Main_Stack_Limit)
                0x00000100                _Minimum_Stack_Size = 0x100
                0x2000059c                PROVIDE (_Heap_Begin, _end_noinit)
                0x2000fc00                PROVIDE (_Heap_Limit, (__stack - __Main_Stack_Size))

.isr_vector     0x08000000      0x3f4
 FILL mask 0xff
                0x08000000                __vectors_start = ABSOLUTE (.)
                0x08000000                __vectors_start__ = ABSOLUTE (.)
 *(.isr_vector)
 .isr_vector    0x08000000      0x194 ./system/src/cmsis/vectors_stm32f401xc.o
                0x08000000                __isr_vectors
 *(.cfmconfig)
 *(.after_vectors .after_vectors.*)
 .after_vectors
                0x08000194      0x130 ./system/src/newlib/_startup.o
                0x08000194                _start
 .after_vectors
                0x080002c4      0x12c ./system/src/cortexm/exception_handlers.o
                0x080002c4                Reset_Handler
                0x080002ca                NMI_Handler
                0x080002ce                HardFault_Handler
                0x080002e2                HardFault_Handler_C
                0x08000340                MemManage_Handler
                0x08000344                BusFault_Handler
                0x08000358                BusFault_Handler_C
                0x0800038c                UsageFault_Handler
                0x080003a0                UsageFault_Handler_C
                0x080003d4                SVC_Handler
                0x080003d8                DebugMon_Handler
                0x080003dc                PendSV_Handler
                0x080003e0                SysTick_Handler
 .after_vectors
                0x080003f0        0x4 ./system/src/cmsis/vectors_stm32f401xc.o
                0x080003f0                RTC_Alarm_IRQHandler
                0x080003f0                EXTI2_IRQHandler
                0x080003f0                SPI4_IRQHandler
                0x080003f0                TIM1_CC_IRQHandler
                0x080003f0                DMA2_Stream5_IRQHandler
                0x080003f0                DMA1_Stream5_IRQHandler
                0x080003f0                PVD_IRQHandler
                0x080003f0                SDIO_IRQHandler
                0x080003f0                TAMP_STAMP_IRQHandler
                0x080003f0                EXTI3_IRQHandler
                0x080003f0                TIM1_UP_TIM10_IRQHandler
                0x080003f0                I2C3_ER_IRQHandler
                0x080003f0                EXTI0_IRQHandler
                0x080003f0                I2C2_EV_IRQHandler
                0x080003f0                DMA1_Stream2_IRQHandler
                0x080003f0                FPU_IRQHandler
                0x080003f0                DMA2_Stream2_IRQHandler
                0x080003f0                SPI1_IRQHandler
                0x080003f0                DMA2_Stream3_IRQHandler
                0x080003f0                USART6_IRQHandler
                0x080003f0                DMA2_Stream0_IRQHandler
                0x080003f0                I2C1_EV_IRQHandler
                0x080003f0                DMA1_Stream6_IRQHandler
                0x080003f0                DMA1_Stream1_IRQHandler
                0x080003f0                RCC_IRQHandler
                0x080003f0                Default_Handler
                0x080003f0                EXTI15_10_IRQHandler
                0x080003f0                DMA1_Stream7_IRQHandler
                0x080003f0                DMA2_Stream7_IRQHandler
                0x080003f0                I2C3_EV_IRQHandler
                0x080003f0                EXTI9_5_IRQHandler
                0x080003f0                RTC_WKUP_IRQHandler
                0x080003f0                SPI2_IRQHandler
                0x080003f0                DMA1_Stream0_IRQHandler
                0x080003f0                EXTI4_IRQHandler
                0x080003f0                WWDG_IRQHandler
                0x080003f0                OTG_FS_WKUP_IRQHandler
                0x080003f0                TIM1_TRG_COM_TIM11_IRQHandler
                0x080003f0                EXTI1_IRQHandler
                0x080003f0                I2C2_ER_IRQHandler
                0x080003f0                DMA2_Stream1_IRQHandler
                0x080003f0                FLASH_IRQHandler
                0x080003f0                DMA2_Stream4_IRQHandler
                0x080003f0                USART1_IRQHandler
                0x080003f0                OTG_FS_IRQHandler
                0x080003f0                SPI3_IRQHandler
                0x080003f0                DMA1_Stream4_IRQHandler
                0x080003f0                I2C1_ER_IRQHandler
                0x080003f0                DMA2_Stream6_IRQHandler
                0x080003f0                DMA1_Stream3_IRQHandler

.inits          0x080003f4       0x28
                0x080003f4                __data_regions_array_start = .
                0x080003f4        0x4 LONG 0x80034d4 LOADADDR (.data)
                0x080003f8        0x4 LONG 0x20000000 ADDR (.data)
                0x080003fc        0x4 LONG 0x200001dc (ADDR (.data) + SIZEOF (.data))
                0x08000400        0x4 LONG 0x80034d4 LOADADDR (.data_CCMRAM)
                0x08000404        0x4 LONG 0x10000000 ADDR (.data_CCMRAM)
                0x08000408        0x4 LONG 0x10000000 (ADDR (.data_CCMRAM) + SIZEOF (.data_CCMRAM))
                0x0800040c                __data_regions_array_end = .
                0x0800040c                __bss_regions_array_start = .
                0x0800040c        0x4 LONG 0x200001dc ADDR (.bss)
                0x08000410        0x4 LONG 0x2000059c (ADDR (.bss) + SIZEOF (.bss))
                0x08000414        0x4 LONG 0x10000000 ADDR (.bss_CCMRAM)
                0x08000418        0x4 LONG 0x10000000 (ADDR (.bss_CCMRAM) + SIZEOF (.bss_CCMRAM))
                0x0800041c                __bss_regions_array_end = .
 *(.init)
 *(.fini)
                0x0800041c                . = ALIGN (0x4)
                0x0800041c                PROVIDE (__preinit_array_start, .)
 *(.preinit_array_sysinit .preinit_array_sysinit.*)
 *(.preinit_array_platform .preinit_array_platform.*)
 *(.preinit_array .preinit_array.*)
                0x0800041c                PROVIDE (__preinit_array_end, .)
                0x0800041c                . = ALIGN (0x4)
                0x0800041c                PROVIDE (__init_array_start, .)
 *(SORT_BY_NAME(.init_array.*))
 *(.init_array)
                0x0800041c                PROVIDE (__init_array_end, .)
                0x0800041c                . = ALIGN (0x4)
                0x0800041c                PROVIDE (__fini_array_start, .)
 *(SORT_BY_NAME(.fini_array.*))
 *(.fini_array)
                0x0800041c                PROVIDE (__fini_array_end, .)

.flashtext
 *(.flashtext .flashtext.*)

.text           0x08000420     0x30b2
 *(.text .text.*)
 .text.HAL_InitTick
                0x08000420       0x2c ./system/src/stm32f4-hal/stm32f4xx_hal.o
                0x08000420                HAL_InitTick
 .text.HAL_Init
                0x0800044c       0x34 ./system/src/stm32f4-hal/stm32f4xx_hal.o
                0x0800044c                HAL_Init
 .text.HAL_GetTick
                0x08000480        0xc ./system/src/stm32f4-hal/stm32f4xx_hal.o
                0x08000480                HAL_GetTick
 .text.HAL_NVIC_SetPriorityGrouping
                0x0800048c       0x3c ./system/src/stm32f4-hal/stm32f4xx_hal_cortex.o
                0x0800048c                HAL_NVIC_SetPriorityGrouping
 .text.HAL_NVIC_SetPriority
                0x080004c8       0x88 ./system/src/stm32f4-hal/stm32f4xx_hal_cortex.o
                0x080004c8                HAL_NVIC_SetPriority
 .text.HAL_SYSTICK_Config
                0x08000550       0x2c ./system/src/stm32f4-hal/stm32f4xx_hal_cortex.o
                0x08000550                HAL_SYSTICK_Config
 .text.HAL_SYSTICK_CLKSourceConfig
                0x0800057c       0x3c ./system/src/stm32f4-hal/stm32f4xx_hal_cortex.o
                0x0800057c                HAL_SYSTICK_CLKSourceConfig
 .text.HAL_RCC_OscConfig
                0x080005b8      0x42c ./system/src/stm32f4-hal/stm32f4xx_hal_rcc.o
                0x080005b8                HAL_RCC_OscConfig
 .text.HAL_RCC_GetSysClockFreq
                0x080009e4       0x94 ./system/src/stm32f4-hal/stm32f4xx_hal_rcc.o
                0x080009e4                HAL_RCC_GetSysClockFreq
 .text.HAL_RCC_ClockConfig
                0x08000a78      0x250 ./system/src/stm32f4-hal/stm32f4xx_hal_rcc.o
                0x08000a78                HAL_RCC_ClockConfig
 .text.HAL_RCC_GetHCLKFreq
                0x08000cc8        0xc ./system/src/stm32f4-hal/stm32f4xx_hal_rcc.o
                0x08000cc8                HAL_RCC_GetHCLKFreq
 .text.abort    0x08000cd4       0x14 ./system/src/newlib/_exit.o
                0x08000cd4                abort
 .text._sbrk    0x08000ce8       0x44 ./system/src/newlib/_sbrk.o
                0x08000ce8                _sbrk
 .text._exit    0x08000d2c       0x20 ./system/src/newlib/_syscalls.o
                0x08000d2c                _exit
 .text.initialise_monitor_handles
                0x08000d4c       0xa8 ./system/src/newlib/_syscalls.o
                0x08000d4c                initialise_monitor_handles
 .text.__initialize_args
                0x08000df4       0xe8 ./system/src/newlib/_syscalls.o
                0x08000df4                __initialize_args
 .text.assert_failed
                0x08000edc       0x14 ./system/src/newlib/assert.o
                0x08000edc                assert_failed
 .text.trace_printf
                0x08000ef0       0x30 ./system/src/diag/Trace.o
                0x08000ef0                trace_printf
 .text.trace_puts
                0x08000f20       0x20 ./system/src/diag/Trace.o
                0x08000f20                trace_puts
 .text._trace_write_semihosting_debug
                0x08000f40       0x60 ./system/src/diag/trace_impl.o
 .text.trace_write
                0x08000fa0        0x8 ./system/src/diag/trace_impl.o
                0x08000fa0                trace_write
 .text.__initialize_hardware_early
                0x08000fa8       0x18 ./system/src/cortexm/_initialize_hardware.o
                0x08000fa8                __initialize_hardware_early
 .text.dumpExceptionStack
                0x08000fc0       0xf4 ./system/src/cortexm/exception_handlers.o
                0x08000fc0                dumpExceptionStack
 .text.isSemihosting
                0x080010b4      0x100 ./system/src/cortexm/exception_handlers.o
                0x080010b4                isSemihosting
 .text.SystemInit
                0x080011b4       0x40 ./system/src/cmsis/system_stm32f4xx.o
                0x080011b4                SystemInit
 .text.SystemCoreClockUpdate
                0x080011f4       0xa0 ./system/src/cmsis/system_stm32f4xx.o
                0x080011f4                SystemCoreClockUpdate
 .text.SystemClock_Config
                0x08001294       0x98 ./src/_initialize_hardware.o
                0x08001294                SystemClock_Config
 .text.__initialize_hardware
                0x0800132c       0x10 ./src/_initialize_hardware.o
                0x0800132c                __initialize_hardware
 .text.get_enc_M0
                0x0800133c        0xc ./src/main.o
                0x0800133c                get_enc_M0
 .text.get_enc_M1
                0x08001348        0xc ./src/main.o
                0x08001348                get_enc_M1
 .text.get_enc_M2
                0x08001354       0x10 ./src/main.o
                0x08001354                get_enc_M2
 .text.get_enc_M3
                0x08001364        0xc ./src/main.o
                0x08001364                get_enc_M3
 .text.set_motor0
                0x08001370       0x48 ./src/main.o
                0x08001370                set_motor0
 .text.set_motor1
                0x080013b8       0x48 ./src/main.o
                0x080013b8                set_motor1
 .text.set_motor2
                0x08001400       0x40 ./src/main.o
                0x08001400                set_motor2
 .text.set_motor3
                0x08001440       0x48 ./src/main.o
                0x08001440                set_motor3
 .text.TIM2_IRQHandler
                0x08001488       0x2c ./src/main.o
                0x08001488                TIM2_IRQHandler
 .text.TIM3_IRQHandler
                0x080014b4       0x30 ./src/main.o
                0x080014b4                TIM3_IRQHandler
 .text.TIM4_IRQHandler
                0x080014e4       0x38 ./src/main.o
                0x080014e4                TIM4_IRQHandler
 .text.TIM5_IRQHandler
                0x0800151c       0x38 ./src/main.o
                0x0800151c                TIM5_IRQHandler
 .text.TIM1_BRK_TIM9_IRQHandler
                0x08001554      0x39c ./src/main.o
                0x08001554                TIM1_BRK_TIM9_IRQHandler
 .text.USART2_IRQHandler
                0x080018f0      0x280 ./src/main.o
                0x080018f0                USART2_IRQHandler
 .text.ADC_IRQHandler
                0x08001b70       0x94 ./src/main.o
                0x08001b70                ADC_IRQHandler
 .text.interrupt_init
                0x08001c04       0x68 ./src/main.o
                0x08001c04                interrupt_init
 .text.GPIO_init
                0x08001c6c       0xa8 ./src/main.o
                0x08001c6c                GPIO_init
 .text.USART_init
                0x08001d14       0x4c ./src/main.o
                0x08001d14                USART_init
 .text.enc_init
                0x08001d60      0x1a8 ./src/main.o
                0x08001d60                enc_init
 .text.PWM_init
                0x08001f08       0x80 ./src/main.o
                0x08001f08                PWM_init
 .text.LED_init
                0x08001f88       0x88 ./src/main.o
                0x08001f88                LED_init
 .text.ADC_init
                0x08002010       0xf0 ./src/main.o
                0x08002010                ADC_init
 .text.timer_interrupt_init
                0x08002100       0x34 ./src/main.o
                0x08002100                timer_interrupt_init
 .text.main     0x08002134      0x17c ./src/main.o
                0x08002134                main
 .text.HAL_MspInit
                0x080022b0        0x2 ./src/stm32f4xx_hal_msp.o
                0x080022b0                HAL_MspInit
 *fill*         0x080022b2        0x2 
 .text          0x080022b4      0x21c c:/users/myungjoong/eclipse/cpp-oxygen/gcc-arm-none-eabi-7-2017-q4-major-win32/bin/../lib/gcc/arm-none-eabi/7.2.1/thumb/v7e-m\libgcc.a(_arm_addsubsf3.o)
                0x080022b4                __aeabi_frsub
                0x080022bc                __subsf3
                0x080022bc                __aeabi_fsub
                0x080022c0                __aeabi_fadd
                0x080022c0                __addsf3
                0x08002420                __aeabi_ui2f
                0x08002420                __floatunsisf
                0x08002428                __aeabi_i2f
                0x08002428                __floatsisf
                0x08002444                __aeabi_ul2f
                0x08002444                __floatundisf
                0x08002454                __aeabi_l2f
                0x08002454                __floatdisf
 .text          0x080024d0      0x2a0 c:/users/myungjoong/eclipse/cpp-oxygen/gcc-arm-none-eabi-7-2017-q4-major-win32/bin/../lib/gcc/arm-none-eabi/7.2.1/thumb/v7e-m\libgcc.a(_arm_muldivsf3.o)
                0x080024d0                __mulsf3
                0x080024d0                __aeabi_fmul
                0x08002638                __aeabi_fdiv
                0x08002638                __divsf3
 .text          0x08002770       0x4c c:/users/myungjoong/eclipse/cpp-oxygen/gcc-arm-none-eabi-7-2017-q4-major-win32/bin/../lib/gcc/arm-none-eabi/7.2.1/thumb/v7e-m\libgcc.a(_arm_fixsfsi.o)
                0x08002770                __aeabi_f2iz
                0x08002770                __fixsfsi
 .text.__errno  0x080027bc        0xc c:/users/myungjoong/eclipse/cpp-oxygen/gcc-arm-none-eabi-7-2017-q4-major-win32/bin/../lib/gcc/arm-none-eabi/7.2.1/../../../../arm-none-eabi/lib/thumb/v7e-m\libg_nano.a(lib_a-errno.o)
                0x080027bc                __errno
 .text.__locale_ctype_ptr
                0x080027c8       0x1c c:/users/myungjoong/eclipse/cpp-oxygen/gcc-arm-none-eabi-7-2017-q4-major-win32/bin/../lib/gcc/arm-none-eabi/7.2.1/../../../../arm-none-eabi/lib/thumb/v7e-m\libg_nano.a(lib_a-locale.o)
                0x080027c8                __locale_ctype_ptr
 .text.__ascii_mbtowc
                0x080027e4       0x24 c:/users/myungjoong/eclipse/cpp-oxygen/gcc-arm-none-eabi-7-2017-q4-major-win32/bin/../lib/gcc/arm-none-eabi/7.2.1/../../../../arm-none-eabi/lib/thumb/v7e-m\libg_nano.a(lib_a-mbtowc_r.o)
                0x080027e4                __ascii_mbtowc
 .text._malloc_r
                0x08002808       0xb4 c:/users/myungjoong/eclipse/cpp-oxygen/gcc-arm-none-eabi-7-2017-q4-major-win32/bin/../lib/gcc/arm-none-eabi/7.2.1/../../../../arm-none-eabi/lib/thumb/v7e-m\libg_nano.a(lib_a-nano-mallocr.o)
                0x08002808                _malloc_r
 .text._sbrk_r  0x080028bc       0x20 c:/users/myungjoong/eclipse/cpp-oxygen/gcc-arm-none-eabi-7-2017-q4-major-win32/bin/../lib/gcc/arm-none-eabi/7.2.1/../../../../arm-none-eabi/lib/thumb/v7e-m\libg_nano.a(lib_a-sbrkr.o)
                0x080028bc                _sbrk_r
 .text          0x080028dc       0x14 c:/users/myungjoong/eclipse/cpp-oxygen/gcc-arm-none-eabi-7-2017-q4-major-win32/bin/../lib/gcc/arm-none-eabi/7.2.1/../../../../arm-none-eabi/lib/thumb/v7e-m\libg_nano.a(lib_a-strcmp.o)
                0x080028dc                strcmp
 .text          0x080028f0       0x10 c:/users/myungjoong/eclipse/cpp-oxygen/gcc-arm-none-eabi-7-2017-q4-major-win32/bin/../lib/gcc/arm-none-eabi/7.2.1/../../../../arm-none-eabi/lib/thumb/v7e-m\libg_nano.a(lib_a-strlen.o)
                0x080028f0                strlen
 .text._vsnprintf_r
                0x08002900       0x58 c:/users/myungjoong/eclipse/cpp-oxygen/gcc-arm-none-eabi-7-2017-q4-major-win32/bin/../lib/gcc/arm-none-eabi/7.2.1/../../../../arm-none-eabi/lib/thumb/v7e-m\libg_nano.a(lib_a-vsnprintf.o)
                0x08002900                _vsniprintf_r
                0x08002900                _vsnprintf_r
 .text.vsnprintf
                0x08002958       0x1c c:/users/myungjoong/eclipse/cpp-oxygen/gcc-arm-none-eabi-7-2017-q4-major-win32/bin/../lib/gcc/arm-none-eabi/7.2.1/../../../../arm-none-eabi/lib/thumb/v7e-m\libg_nano.a(lib_a-vsnprintf.o)
                0x08002958                vsniprintf
                0x08002958                vsnprintf
 .text.__ascii_wctomb
                0x08002974       0x1a c:/users/myungjoong/eclipse/cpp-oxygen/gcc-arm-none-eabi-7-2017-q4-major-win32/bin/../lib/gcc/arm-none-eabi/7.2.1/../../../../arm-none-eabi/lib/thumb/v7e-m\libg_nano.a(lib_a-wctomb_r.o)
                0x08002974                __ascii_wctomb
 .text.__malloc_lock
                0x0800298e        0x2 c:/users/myungjoong/eclipse/cpp-oxygen/gcc-arm-none-eabi-7-2017-q4-major-win32/bin/../lib/gcc/arm-none-eabi/7.2.1/../../../../arm-none-eabi/lib/thumb/v7e-m\libg_nano.a(lib_a-mlock.o)
                0x0800298e                __malloc_lock
 .text.__malloc_unlock
                0x08002990        0x2 c:/users/myungjoong/eclipse/cpp-oxygen/gcc-arm-none-eabi-7-2017-q4-major-win32/bin/../lib/gcc/arm-none-eabi/7.2.1/../../../../arm-none-eabi/lib/thumb/v7e-m\libg_nano.a(lib_a-mlock.o)
                0x08002990                __malloc_unlock
 *fill*         0x08002992        0x2 
 .text._free_r  0x08002994       0x9c c:/users/myungjoong/eclipse/cpp-oxygen/gcc-arm-none-eabi-7-2017-q4-major-win32/bin/../lib/gcc/arm-none-eabi/7.2.1/../../../../arm-none-eabi/lib/thumb/v7e-m\libg_nano.a(lib_a-nano-freer.o)
                0x08002994                _free_r
 .text.__ssputs_r
                0x08002a30       0xb4 c:/users/myungjoong/eclipse/cpp-oxygen/gcc-arm-none-eabi-7-2017-q4-major-win32/bin/../lib/gcc/arm-none-eabi/7.2.1/../../../../arm-none-eabi/lib/thumb/v7e-m\libg_nano.a(lib_a-nano-svfprintf.o)
                0x08002a30                __ssputs_r
 .text._svfprintf_r
                0x08002ae4      0x1ec c:/users/myungjoong/eclipse/cpp-oxygen/gcc-arm-none-eabi-7-2017-q4-major-win32/bin/../lib/gcc/arm-none-eabi/7.2.1/../../../../arm-none-eabi/lib/thumb/v7e-m\libg_nano.a(lib_a-nano-svfprintf.o)
                0x08002ae4                _svfiprintf_r
                0x08002ae4                _svfprintf_r
 .text._printf_common
                0x08002cd0       0xea c:/users/myungjoong/eclipse/cpp-oxygen/gcc-arm-none-eabi-7-2017-q4-major-win32/bin/../lib/gcc/arm-none-eabi/7.2.1/../../../../arm-none-eabi/lib/thumb/v7e-m\libg_nano.a(lib_a-nano-vfprintf_i.o)
                0x08002cd0                _printf_common
 *fill*         0x08002dba        0x2 
 .text._printf_i
                0x08002dbc      0x224 c:/users/myungjoong/eclipse/cpp-oxygen/gcc-arm-none-eabi-7-2017-q4-major-win32/bin/../lib/gcc/arm-none-eabi/7.2.1/../../../../arm-none-eabi/lib/thumb/v7e-m\libg_nano.a(lib_a-nano-vfprintf_i.o)
                0x08002dbc                _printf_i
 .text          0x08002fe0       0xa0 c:/users/myungjoong/eclipse/cpp-oxygen/gcc-arm-none-eabi-7-2017-q4-major-win32/bin/../lib/gcc/arm-none-eabi/7.2.1/../../../../arm-none-eabi/lib/thumb/v7e-m\libg_nano.a(lib_a-memchr.o)
                0x08002fe0                memchr
 .text.memcpy   0x08003080       0x16 c:/users/myungjoong/eclipse/cpp-oxygen/gcc-arm-none-eabi-7-2017-q4-major-win32/bin/../lib/gcc/arm-none-eabi/7.2.1/../../../../arm-none-eabi/lib/thumb/v7e-m\libg_nano.a(lib_a-memcpy-stub.o)
                0x08003080                memcpy
 .text.memmove  0x08003096       0x32 c:/users/myungjoong/eclipse/cpp-oxygen/gcc-arm-none-eabi-7-2017-q4-major-win32/bin/../lib/gcc/arm-none-eabi/7.2.1/../../../../arm-none-eabi/lib/thumb/v7e-m\libg_nano.a(lib_a-memmove.o)
                0x08003096                memmove
 .text._realloc_r
                0x080030c8       0x4c c:/users/myungjoong/eclipse/cpp-oxygen/gcc-arm-none-eabi-7-2017-q4-major-win32/bin/../lib/gcc/arm-none-eabi/7.2.1/../../../../arm-none-eabi/lib/thumb/v7e-m\libg_nano.a(lib_a-nano-reallocr.o)
                0x080030c8                _realloc_r
 .text._malloc_usable_size_r
                0x08003114       0x10 c:/users/myungjoong/eclipse/cpp-oxygen/gcc-arm-none-eabi-7-2017-q4-major-win32/bin/../lib/gcc/arm-none-eabi/7.2.1/../../../../arm-none-eabi/lib/thumb/v7e-m\libg_nano.a(lib_a-nano-msizer.o)
                0x08003114                _malloc_usable_size_r
 *(.rodata .rodata.* .constdata .constdata.*)
 .rodata.HAL_NVIC_SetPriorityGrouping.str1.4
                0x08003124       0x31 ./system/src/stm32f4-hal/stm32f4xx_hal_cortex.o
 *fill*         0x08003155        0x3 
 .rodata.APBAHBPrescTable
                0x08003158       0x10 ./system/src/stm32f4-hal/stm32f4xx_hal_rcc.o
                0x08003158                APBAHBPrescTable
 .rodata.HAL_RCC_OscConfig.str1.4
                0x08003168       0x2e ./system/src/stm32f4-hal/stm32f4xx_hal_rcc.o
 *fill*         0x08003196        0x2 
 .rodata.abort.str1.4
                0x08003198       0x14 ./system/src/newlib/_exit.o
 .rodata.initialise_monitor_handles.str1.4
                0x080031ac        0x4 ./system/src/newlib/_syscalls.o
 .rodata.assert_failed.str1.4
                0x080031b0       0x2b ./system/src/newlib/assert.o
 .rodata.trace_puts.str1.4
                0x080031db       0x2b ./system/src/diag/Trace.o
                                  0x2 (size before relaxing)
 *fill*         0x080031db        0x1 
 .rodata.dumpExceptionStack.str1.4
                0x080031dc      0x11a ./system/src/cortexm/exception_handlers.o
 .rodata.isSemihosting.str1.4
                0x080032f6        0x4 ./system/src/cortexm/exception_handlers.o
 *fill*         0x080032f6        0x2 
 .rodata.str1.4
                0x080032f8       0x2c ./system/src/cortexm/exception_handlers.o
                                 0x2a (size before relaxing)
 .rodata.AHBPrescTable
                0x08003324       0x10 ./system/src/cmsis/system_stm32f4xx.o
                0x08003324                AHBPrescTable
 .rodata.__sf_fake_stderr
                0x08003334       0x20 c:/users/myungjoong/eclipse/cpp-oxygen/gcc-arm-none-eabi-7-2017-q4-major-win32/bin/../lib/gcc/arm-none-eabi/7.2.1/../../../../arm-none-eabi/lib/thumb/v7e-m\libg_nano.a(lib_a-findfp.o)
                0x08003334                __sf_fake_stderr
 .rodata.__sf_fake_stdin
                0x08003354       0x20 c:/users/myungjoong/eclipse/cpp-oxygen/gcc-arm-none-eabi-7-2017-q4-major-win32/bin/../lib/gcc/arm-none-eabi/7.2.1/../../../../arm-none-eabi/lib/thumb/v7e-m\libg_nano.a(lib_a-findfp.o)
                0x08003354                __sf_fake_stdin
 .rodata.__sf_fake_stdout
                0x08003374       0x20 c:/users/myungjoong/eclipse/cpp-oxygen/gcc-arm-none-eabi-7-2017-q4-major-win32/bin/../lib/gcc/arm-none-eabi/7.2.1/../../../../arm-none-eabi/lib/thumb/v7e-m\libg_nano.a(lib_a-findfp.o)
                0x08003374                __sf_fake_stdout
 .rodata._setlocale_r.str1.1
                0x08003394        0x8 c:/users/myungjoong/eclipse/cpp-oxygen/gcc-arm-none-eabi-7-2017-q4-major-win32/bin/../lib/gcc/arm-none-eabi/7.2.1/../../../../arm-none-eabi/lib/thumb/v7e-m\libg_nano.a(lib_a-locale.o)
                                  0x9 (size before relaxing)
 .rodata.str1.1
                0x0800339c        0x2 c:/users/myungjoong/eclipse/cpp-oxygen/gcc-arm-none-eabi-7-2017-q4-major-win32/bin/../lib/gcc/arm-none-eabi/7.2.1/../../../../arm-none-eabi/lib/thumb/v7e-m\libg_nano.a(lib_a-locale.o)
 .rodata._ctype_
                0x0800339e      0x101 c:/users/myungjoong/eclipse/cpp-oxygen/gcc-arm-none-eabi-7-2017-q4-major-win32/bin/../lib/gcc/arm-none-eabi/7.2.1/../../../../arm-none-eabi/lib/thumb/v7e-m\libg_nano.a(lib_a-ctype_.o)
                0x0800339e                _ctype_
 .rodata._svfprintf_r.str1.1
                0x0800349f       0x11 c:/users/myungjoong/eclipse/cpp-oxygen/gcc-arm-none-eabi-7-2017-q4-major-win32/bin/../lib/gcc/arm-none-eabi/7.2.1/../../../../arm-none-eabi/lib/thumb/v7e-m\libg_nano.a(lib_a-nano-svfprintf.o)
 .rodata._printf_i.str1.1
                0x080034b0       0x22 c:/users/myungjoong/eclipse/cpp-oxygen/gcc-arm-none-eabi-7-2017-q4-major-win32/bin/../lib/gcc/arm-none-eabi/7.2.1/../../../../arm-none-eabi/lib/thumb/v7e-m\libg_nano.a(lib_a-nano-vfprintf_i.o)
 *(vtable)
 *(.eh_frame*)
 *(.glue_7)
 .glue_7        0x080034d2        0x0 linker stubs
 *(.glue_7t)
 .glue_7t       0x080034d2        0x0 linker stubs

.vfp11_veneer   0x080034d4        0x0
 .vfp11_veneer  0x080034d4        0x0 linker stubs

.v4_bx          0x080034d4        0x0
 .v4_bx         0x080034d4        0x0 linker stubs

.iplt           0x080034d4        0x0
 .iplt          0x080034d4        0x0 ./system/src/stm32f4-hal/stm32f4xx_hal.o

.rel.dyn        0x080034d4        0x0
 .rel.iplt      0x080034d4        0x0 ./system/src/stm32f4-hal/stm32f4xx_hal.o

.ARM.extab
 *(.ARM.extab* .gnu.linkonce.armextab.*)
                0x080034d4                . = ALIGN (0x4)
                0x080034d4                __exidx_start = .

.ARM.exidx
 *(.ARM.exidx* .gnu.linkonce.armexidx.*)
                0x080034d4                __exidx_end = .
                0x080034d4                . = ALIGN (0x4)
                0x080034d4                _etext = .
                0x080034d4                __etext = .

.data_CCMRAM    0x10000000        0x0 load address 0x080034d4
 FILL mask 0xff
 *(.data.CCMRAM .data.CCMRAM.*)
                0x10000000                . = ALIGN (0x4)
                0x080034d4                _sidata = LOADADDR (.data)

.data           0x20000000      0x1dc load address 0x080034d4
 FILL mask 0xff
                0x20000000                _sdata = .
                0x20000000                __data_start__ = .
 *(.data_begin .data_begin.*)
 .data_begin    0x20000000        0x4 ./system/src/newlib/_startup.o
 *(.data .data.*)
 .data.SystemCoreClock
                0x20000004        0x4 ./system/src/cmsis/system_stm32f4xx.o
                0x20000004                SystemCoreClock
 .data._impure_ptr
                0x20000008        0x4 c:/users/myungjoong/eclipse/cpp-oxygen/gcc-arm-none-eabi-7-2017-q4-major-win32/bin/../lib/gcc/arm-none-eabi/7.2.1/../../../../arm-none-eabi/lib/thumb/v7e-m\libg_nano.a(lib_a-impure.o)
                0x20000008                _impure_ptr
 .data.impure_data
                0x2000000c       0x60 c:/users/myungjoong/eclipse/cpp-oxygen/gcc-arm-none-eabi-7-2017-q4-major-win32/bin/../lib/gcc/arm-none-eabi/7.2.1/../../../../arm-none-eabi/lib/thumb/v7e-m\libg_nano.a(lib_a-impure.o)
 .data.__global_locale
                0x2000006c      0x16c c:/users/myungjoong/eclipse/cpp-oxygen/gcc-arm-none-eabi-7-2017-q4-major-win32/bin/../lib/gcc/arm-none-eabi/7.2.1/../../../../arm-none-eabi/lib/thumb/v7e-m\libg_nano.a(lib_a-locale.o)
                0x2000006c                __global_locale
 *(.data_end .data_end.*)
 .data_end      0x200001d8        0x4 ./system/src/newlib/_startup.o
                0x200001dc                . = ALIGN (0x4)
                0x200001dc                _edata = .
                0x200001dc                __data_end__ = .

.igot.plt       0x200001dc        0x0 load address 0x080036b0
 .igot.plt      0x200001dc        0x0 ./system/src/stm32f4-hal/stm32f4xx_hal.o

.bss_CCMRAM     0x10000000        0x0
 *(.bss.CCMRAM .bss.CCMRAM.*)

.bss            0x200001dc      0x3c0
                0x200001dc                __bss_start__ = .
                0x200001dc                _sbss = .
 *(.bss_begin .bss_begin.*)
 .bss_begin     0x200001dc        0x4 ./system/src/newlib/_startup.o
 *(.bss .bss.*)
 .bss.current_heap_end.4427
                0x200001e0        0x4 ./system/src/newlib/_sbrk.o
 .bss.args_buf.6278
                0x200001e4       0x50 ./system/src/newlib/_syscalls.o
 .bss.argv_buf.6279
                0x20000234       0x28 ./system/src/newlib/_syscalls.o
 .bss.monitor_stderr
                0x2000025c        0x4 ./system/src/newlib/_syscalls.o
 .bss.monitor_stdin
                0x20000260        0x4 ./system/src/newlib/_syscalls.o
 .bss.monitor_stdout
                0x20000264        0x4 ./system/src/newlib/_syscalls.o
 .bss.openfiles
                0x20000268       0xa0 ./system/src/newlib/_syscalls.o
 .bss.buf.5632  0x20000308       0x80 ./system/src/diag/Trace.o
 .bss.adcAvr_cur
                0x20000388       0x10 ./src/main.o
                0x20000388                adcAvr_cur
 .bss.adcEMA_cur
                0x20000398       0x20 ./src/main.o
                0x20000398                adcEMA_cur
 .bss.adcEMA_pre
                0x200003b8       0x20 ./src/main.o
                0x200003b8                adcEMA_pre
 .bss.adc_ch.10145
                0x200003d8        0x1 ./src/main.o
 .bss.adc_flag  0x200003d9        0x1 ./src/main.o
                0x200003d9                adc_flag
 .bss.address.10112
                0x200003da        0x1 ./src/main.o
 .bss.length.10113
                0x200003db        0x1 ./src/main.o
 .bss.rtx_flag.10111
                0x200003dc        0x1 ./src/main.o
 *fill*         0x200003dd        0x3 
 .bss.rx_buf.10110
                0x200003e0       0x40 ./src/main.o
 .bss.rx_i.10109
                0x20000420        0x1 ./src/main.o
 .bss.tx_cnt.10114
                0x20000421        0x1 ./src/main.o
 .bss.uart_count
                0x20000422        0x1 ./src/main.o
                0x20000422                uart_count
 .bss.uart_state
                0x20000423        0x1 ./src/main.o
                0x20000423                uart_state
 .bss.__malloc_free_list
                0x20000424        0x4 c:/users/myungjoong/eclipse/cpp-oxygen/gcc-arm-none-eabi-7-2017-q4-major-win32/bin/../lib/gcc/arm-none-eabi/7.2.1/../../../../arm-none-eabi/lib/thumb/v7e-m\libg_nano.a(lib_a-nano-mallocr.o)
                0x20000424                __malloc_free_list
 .bss.__malloc_sbrk_start
                0x20000428        0x4 c:/users/myungjoong/eclipse/cpp-oxygen/gcc-arm-none-eabi-7-2017-q4-major-win32/bin/../lib/gcc/arm-none-eabi/7.2.1/../../../../arm-none-eabi/lib/thumb/v7e-m\libg_nano.a(lib_a-nano-mallocr.o)
                0x20000428                __malloc_sbrk_start
 *(COMMON)
 COMMON         0x2000042c        0x4 ./system/src/stm32f4-hal/stm32f4xx_hal.o
                0x2000042c                uwTick
 COMMON         0x20000430        0x4 ./system/src/newlib/_syscalls.o
                0x20000430                errno
 COMMON         0x20000434      0x164 ./src/main.o
                0x20000434                kd
                0x20000438                LED_pwm
                0x2000043c                debug_cnt3
                0x20000440                adc
                0x20000460                debug_cnt2
                0x20000464                ki
                0x20000468                REGISTER
                0x200004c4                debug_cnt1
                0x200004c8                debug_cnt4
                0x200004cc                M
                0x2000058c                control_mode
                0x20000590                kp
                0x20000594                hall_sensor
 *(.bss_end .bss_end.*)
 .bss_end       0x20000598        0x4 ./system/src/newlib/_startup.o
                0x2000059c                . = ALIGN (0x4)
                0x2000059c                __bss_end__ = .
                0x2000059c                _ebss = .

.noinit_CCMRAM
 *(.noinit.CCMRAM .noinit.CCMRAM.*)

.noinit         0x2000059c        0x0
                0x2000059c                _noinit = .
 *(.noinit .noinit.*)
                0x2000059c                . = ALIGN (0x4)
                0x2000059c                _end_noinit = .
                [!provide]                PROVIDE (end, _end_noinit)
                [!provide]                PROVIDE (_end, _end_noinit)
                [!provide]                PROVIDE (__end, _end_noinit)
                [!provide]                PROVIDE (__end__, _end_noinit)

._check_stack   0x2000059c      0x100
                0x2000069c                . = (. + _Minimum_Stack_Size)
 *fill*         0x2000059c      0x100 

.b1text
 *(.b1text)
 *(.b1rodata)
 *(.b1rodata.*)

.eb0text
 *(.eb0text)
 *(.eb0rodata)
 *(.eb0rodata.*)

.eb1text
 *(.eb1text)
 *(.eb1rodata)
 *(.eb1rodata.*)

.eb2text
 *(.eb2text)
 *(.eb2rodata)
 *(.eb2rodata.*)

.eb3text
 *(.eb3text)
 *(.eb3rodata)
 *(.eb3rodata.*)

.stab
 *(.stab)

.stabstr
 *(.stabstr)

.stab.excl
 *(.stab.excl)

.stab.exclstr
 *(.stab.exclstr)

.stab.index
 *(.stab.index)

.stab.indexstr
 *(.stab.indexstr)

.comment        0x00000000       0xfd
 *(.comment)
 .comment       0x00000000       0x7f ./system/src/stm32f4-hal/stm32f4xx_hal.o
                                 0x80 (size before relaxing)
 .comment       0x0000007f       0x80 ./system/src/stm32f4-hal/stm32f4xx_hal_cortex.o
 .comment       0x0000007f       0x80 ./system/src/stm32f4-hal/stm32f4xx_hal_rcc.o
 .comment       0x0000007f       0x80 ./system/src/newlib/_exit.o
 .comment       0x0000007f       0x80 ./system/src/newlib/_sbrk.o
 .comment       0x0000007f       0x80 ./system/src/newlib/_startup.o
 .comment       0x0000007f       0x80 ./system/src/newlib/_syscalls.o
 .comment       0x0000007f       0x80 ./system/src/newlib/assert.o
 .comment       0x0000007f       0x80 ./system/src/diag/Trace.o
 .comment       0x0000007f       0x80 ./system/src/diag/trace_impl.o
 .comment       0x0000007f       0x80 ./system/src/cortexm/_initialize_hardware.o
 .comment       0x0000007f       0x80 ./system/src/cortexm/exception_handlers.o
 .comment       0x0000007f       0x80 ./system/src/cmsis/system_stm32f4xx.o
 .comment       0x0000007f       0x80 ./system/src/cmsis/vectors_stm32f401xc.o
 .comment       0x0000007f       0x80 ./src/_initialize_hardware.o
 .comment       0x0000007f       0x7e ./src/main.o
                                 0x7f (size before relaxing)
 .comment       0x000000fd       0x80 ./src/stm32f4xx_hal_msp.o

.ARM.attributes
                0x00000000       0x31
 .ARM.attributes
                0x00000000       0x33 ./system/src/stm32f4-hal/stm32f4xx_hal.o
 .ARM.attributes
                0x00000033       0x33 ./system/src/stm32f4-hal/stm32f4xx_hal_cortex.o
 .ARM.attributes
                0x00000066       0x33 ./system/src/stm32f4-hal/stm32f4xx_hal_rcc.o
 .ARM.attributes
                0x00000099       0x33 ./system/src/newlib/_exit.o
 .ARM.attributes
                0x000000cc       0x33 ./system/src/newlib/_sbrk.o
 .ARM.attributes
                0x000000ff       0x33 ./system/src/newlib/_startup.o
 .ARM.attributes
                0x00000132       0x33 ./system/src/newlib/_syscalls.o
 .ARM.attributes
                0x00000165       0x33 ./system/src/newlib/assert.o
 .ARM.attributes
                0x00000198       0x33 ./system/src/diag/Trace.o
 .ARM.attributes
                0x000001cb       0x33 ./system/src/diag/trace_impl.o
 .ARM.attributes
                0x000001fe       0x33 ./system/src/cortexm/_initialize_hardware.o
 .ARM.attributes
                0x00000231       0x33 ./system/src/cortexm/exception_handlers.o
 .ARM.attributes
                0x00000264       0x33 ./system/src/cmsis/system_stm32f4xx.o
 .ARM.attributes
                0x00000297       0x33 ./system/src/cmsis/vectors_stm32f401xc.o
 .ARM.attributes
                0x000002ca       0x33 ./src/_initialize_hardware.o
 .ARM.attributes
                0x000002fd       0x33 ./src/main.o
 .ARM.attributes
                0x00000330       0x33 ./src/stm32f4xx_hal_msp.o
 .ARM.attributes
                0x00000363       0x1e c:/users/myungjoong/eclipse/cpp-oxygen/gcc-arm-none-eabi-7-2017-q4-major-win32/bin/../lib/gcc/arm-none-eabi/7.2.1/thumb/v7e-m\libgcc.a(_arm_addsubsf3.o)
 .ARM.attributes
                0x00000381       0x1e c:/users/myungjoong/eclipse/cpp-oxygen/gcc-arm-none-eabi-7-2017-q4-major-win32/bin/../lib/gcc/arm-none-eabi/7.2.1/thumb/v7e-m\libgcc.a(_arm_muldivsf3.o)
 .ARM.attributes
                0x0000039f       0x1e c:/users/myungjoong/eclipse/cpp-oxygen/gcc-arm-none-eabi-7-2017-q4-major-win32/bin/../lib/gcc/arm-none-eabi/7.2.1/thumb/v7e-m\libgcc.a(_arm_fixsfsi.o)
 .ARM.attributes
                0x000003bd       0x2e c:/users/myungjoong/eclipse/cpp-oxygen/gcc-arm-none-eabi-7-2017-q4-major-win32/bin/../lib/gcc/arm-none-eabi/7.2.1/../../../../arm-none-eabi/lib/thumb/v7e-m\libg_nano.a(lib_a-errno.o)
 .ARM.attributes
                0x000003eb       0x2e c:/users/myungjoong/eclipse/cpp-oxygen/gcc-arm-none-eabi-7-2017-q4-major-win32/bin/../lib/gcc/arm-none-eabi/7.2.1/../../../../arm-none-eabi/lib/thumb/v7e-m\libg_nano.a(lib_a-findfp.o)
 .ARM.attributes
                0x00000419       0x2e c:/users/myungjoong/eclipse/cpp-oxygen/gcc-arm-none-eabi-7-2017-q4-major-win32/bin/../lib/gcc/arm-none-eabi/7.2.1/../../../../arm-none-eabi/lib/thumb/v7e-m\libg_nano.a(lib_a-impure.o)
 .ARM.attributes
                0x00000447       0x2e c:/users/myungjoong/eclipse/cpp-oxygen/gcc-arm-none-eabi-7-2017-q4-major-win32/bin/../lib/gcc/arm-none-eabi/7.2.1/../../../../arm-none-eabi/lib/thumb/v7e-m\libg_nano.a(lib_a-locale.o)
 .ARM.attributes
                0x00000475       0x2e c:/users/myungjoong/eclipse/cpp-oxygen/gcc-arm-none-eabi-7-2017-q4-major-win32/bin/../lib/gcc/arm-none-eabi/7.2.1/../../../../arm-none-eabi/lib/thumb/v7e-m\libg_nano.a(lib_a-mbtowc_r.o)
 .ARM.attributes
                0x000004a3       0x2e c:/users/myungjoong/eclipse/cpp-oxygen/gcc-arm-none-eabi-7-2017-q4-major-win32/bin/../lib/gcc/arm-none-eabi/7.2.1/../../../../arm-none-eabi/lib/thumb/v7e-m\libg_nano.a(lib_a-nano-mallocr.o)
 .ARM.attributes
                0x000004d1       0x2e c:/users/myungjoong/eclipse/cpp-oxygen/gcc-arm-none-eabi-7-2017-q4-major-win32/bin/../lib/gcc/arm-none-eabi/7.2.1/../../../../arm-none-eabi/lib/thumb/v7e-m\libg_nano.a(lib_a-sbrkr.o)
 .ARM.attributes
                0x000004ff       0x1c c:/users/myungjoong/eclipse/cpp-oxygen/gcc-arm-none-eabi-7-2017-q4-major-win32/bin/../lib/gcc/arm-none-eabi/7.2.1/../../../../arm-none-eabi/lib/thumb/v7e-m\libg_nano.a(lib_a-strcmp.o)
 .ARM.attributes
                0x0000051b       0x17 c:/users/myungjoong/eclipse/cpp-oxygen/gcc-arm-none-eabi-7-2017-q4-major-win32/bin/../lib/gcc/arm-none-eabi/7.2.1/../../../../arm-none-eabi/lib/thumb/v7e-m\libg_nano.a(lib_a-strlen.o)
 .ARM.attributes
                0x00000532       0x2e c:/users/myungjoong/eclipse/cpp-oxygen/gcc-arm-none-eabi-7-2017-q4-major-win32/bin/../lib/gcc/arm-none-eabi/7.2.1/../../../../arm-none-eabi/lib/thumb/v7e-m\libg_nano.a(lib_a-vsnprintf.o)
 .ARM.attributes
                0x00000560       0x2e c:/users/myungjoong/eclipse/cpp-oxygen/gcc-arm-none-eabi-7-2017-q4-major-win32/bin/../lib/gcc/arm-none-eabi/7.2.1/../../../../arm-none-eabi/lib/thumb/v7e-m\libg_nano.a(lib_a-wctomb_r.o)
 .ARM.attributes
                0x0000058e       0x2e c:/users/myungjoong/eclipse/cpp-oxygen/gcc-arm-none-eabi-7-2017-q4-major-win32/bin/../lib/gcc/arm-none-eabi/7.2.1/../../../../arm-none-eabi/lib/thumb/v7e-m\libg_nano.a(lib_a-ctype_.o)
 .ARM.attributes
                0x000005bc       0x2e c:/users/myungjoong/eclipse/cpp-oxygen/gcc-arm-none-eabi-7-2017-q4-major-win32/bin/../lib/gcc/arm-none-eabi/7.2.1/../../../../arm-none-eabi/lib/thumb/v7e-m\libg_nano.a(lib_a-mlock.o)
 .ARM.attributes
                0x000005ea       0x2e c:/users/myungjoong/eclipse/cpp-oxygen/gcc-arm-none-eabi-7-2017-q4-major-win32/bin/../lib/gcc/arm-none-eabi/7.2.1/../../../../arm-none-eabi/lib/thumb/v7e-m\libg_nano.a(lib_a-nano-freer.o)
 .ARM.attributes
                0x00000618       0x2e c:/users/myungjoong/eclipse/cpp-oxygen/gcc-arm-none-eabi-7-2017-q4-major-win32/bin/../lib/gcc/arm-none-eabi/7.2.1/../../../../arm-none-eabi/lib/thumb/v7e-m\libg_nano.a(lib_a-nano-svfprintf.o)
 .ARM.attributes
                0x00000646       0x2e c:/users/myungjoong/eclipse/cpp-oxygen/gcc-arm-none-eabi-7-2017-q4-major-win32/bin/../lib/gcc/arm-none-eabi/7.2.1/../../../../arm-none-eabi/lib/thumb/v7e-m\libg_nano.a(lib_a-nano-vfprintf_i.o)
 .ARM.attributes
                0x00000674       0x1c c:/users/myungjoong/eclipse/cpp-oxygen/gcc-arm-none-eabi-7-2017-q4-major-win32/bin/../lib/gcc/arm-none-eabi/7.2.1/../../../../arm-none-eabi/lib/thumb/v7e-m\libg_nano.a(lib_a-memchr.o)
 .ARM.attributes
                0x00000690       0x2e c:/users/myungjoong/eclipse/cpp-oxygen/gcc-arm-none-eabi-7-2017-q4-major-win32/bin/../lib/gcc/arm-none-eabi/7.2.1/../../../../arm-none-eabi/lib/thumb/v7e-m\libg_nano.a(lib_a-memcpy-stub.o)
 .ARM.attributes
                0x000006be       0x2e c:/users/myungjoong/eclipse/cpp-oxygen/gcc-arm-none-eabi-7-2017-q4-major-win32/bin/../lib/gcc/arm-none-eabi/7.2.1/../../../../arm-none-eabi/lib/thumb/v7e-m\libg_nano.a(lib_a-memmove.o)
 .ARM.attributes
                0x000006ec       0x2e c:/users/myungjoong/eclipse/cpp-oxygen/gcc-arm-none-eabi-7-2017-q4-major-win32/bin/../lib/gcc/arm-none-eabi/7.2.1/../../../../arm-none-eabi/lib/thumb/v7e-m\libg_nano.a(lib_a-nano-reallocr.o)
 .ARM.attributes
                0x0000071a       0x2e c:/users/myungjoong/eclipse/cpp-oxygen/gcc-arm-none-eabi-7-2017-q4-major-win32/bin/../lib/gcc/arm-none-eabi/7.2.1/../../../../arm-none-eabi/lib/thumb/v7e-m\libg_nano.a(lib_a-nano-msizer.o)

.debug
 *(.debug)

.line
 *(.line)

.debug_srcinfo
 *(.debug_srcinfo)

.debug_sfnames
 *(.debug_sfnames)

.debug_aranges  0x00000000      0x658
 *(.debug_aranges)
 .debug_aranges
                0x00000000       0xc0 ./system/src/stm32f4-hal/stm32f4xx_hal.o
 .debug_aranges
                0x000000c0       0x98 ./system/src/stm32f4-hal/stm32f4xx_hal_cortex.o
 .debug_aranges
                0x00000158       0x88 ./system/src/stm32f4-hal/stm32f4xx_hal_rcc.o
 .debug_aranges
                0x000001e0       0x28 ./system/src/newlib/_exit.o
 .debug_aranges
                0x00000208       0x20 ./system/src/newlib/_sbrk.o
 .debug_aranges
                0x00000228       0x40 ./system/src/newlib/_startup.o
 .debug_aranges
                0x00000268      0x120 ./system/src/newlib/_syscalls.o
 .debug_aranges
                0x00000388       0x28 ./system/src/newlib/assert.o
 .debug_aranges
                0x000003b0       0x38 ./system/src/diag/Trace.o
 .debug_aranges
                0x000003e8       0x30 ./system/src/diag/trace_impl.o
 .debug_aranges
                0x00000418       0x28 ./system/src/cortexm/_initialize_hardware.o
 .debug_aranges
                0x00000440       0x90 ./system/src/cortexm/exception_handlers.o
 .debug_aranges
                0x000004d0       0x28 ./system/src/cmsis/system_stm32f4xx.o
 .debug_aranges
                0x000004f8       0x20 ./system/src/cmsis/vectors_stm32f401xc.o
 .debug_aranges
                0x00000518       0x28 ./src/_initialize_hardware.o
 .debug_aranges
                0x00000540       0xe0 ./src/main.o
 .debug_aranges
                0x00000620       0x38 ./src/stm32f4xx_hal_msp.o

.debug_pubnames
 *(.debug_pubnames)

.debug_info     0x00000000     0xf86d
 *(.debug_info .gnu.linkonce.wi.*)
 .debug_info    0x00000000     0x1098 ./system/src/stm32f4-hal/stm32f4xx_hal.o
 .debug_info    0x00001098     0x1894 ./system/src/stm32f4-hal/stm32f4xx_hal_cortex.o
 .debug_info    0x0000292c     0x17ae ./system/src/stm32f4-hal/stm32f4xx_hal_rcc.o
 .debug_info    0x000040da      0x95d ./system/src/newlib/_exit.o
 .debug_info    0x00004a37      0x949 ./system/src/newlib/_sbrk.o
 .debug_info    0x00005380      0x4d5 ./system/src/newlib/_startup.o
 .debug_info    0x00005855     0x2018 ./system/src/newlib/_syscalls.o
 .debug_info    0x0000786d      0xa1c ./system/src/newlib/assert.o
 .debug_info    0x00008289      0xb31 ./system/src/diag/Trace.o
 .debug_info    0x00008dba      0xb8b ./system/src/diag/trace_impl.o
 .debug_info    0x00009945      0xb06 ./system/src/cortexm/_initialize_hardware.o
 .debug_info    0x0000a44b     0x122a ./system/src/cortexm/exception_handlers.o
 .debug_info    0x0000b675      0xd26 ./system/src/cmsis/system_stm32f4xx.o
 .debug_info    0x0000c39b       0xd1 ./system/src/cmsis/vectors_stm32f401xc.o
 .debug_info    0x0000c46c      0xd5c ./src/_initialize_hardware.o
 .debug_info    0x0000d1c8     0x1d79 ./src/main.o
 .debug_info    0x0000ef41      0x92c ./src/stm32f4xx_hal_msp.o

.debug_abbrev   0x00000000     0x2bcc
 *(.debug_abbrev)
 .debug_abbrev  0x00000000      0x329 ./system/src/stm32f4-hal/stm32f4xx_hal.o
 .debug_abbrev  0x00000329      0x3ef ./system/src/stm32f4-hal/stm32f4xx_hal_cortex.o
 .debug_abbrev  0x00000718      0x392 ./system/src/stm32f4-hal/stm32f4xx_hal_rcc.o
 .debug_abbrev  0x00000aaa      0x1f3 ./system/src/newlib/_exit.o
 .debug_abbrev  0x00000c9d      0x1fc ./system/src/newlib/_sbrk.o
 .debug_abbrev  0x00000e99      0x1c4 ./system/src/newlib/_startup.o
 .debug_abbrev  0x0000105d      0x428 ./system/src/newlib/_syscalls.o
 .debug_abbrev  0x00001485      0x1f3 ./system/src/newlib/assert.o
 .debug_abbrev  0x00001678      0x276 ./system/src/diag/Trace.o
 .debug_abbrev  0x000018ee      0x2ef ./system/src/diag/trace_impl.o
 .debug_abbrev  0x00001bdd      0x1de ./system/src/cortexm/_initialize_hardware.o
 .debug_abbrev  0x00001dbb      0x356 ./system/src/cortexm/exception_handlers.o
 .debug_abbrev  0x00002111      0x216 ./system/src/cmsis/system_stm32f4xx.o
 .debug_abbrev  0x00002327       0x9d ./system/src/cmsis/vectors_stm32f401xc.o
 .debug_abbrev  0x000023c4      0x22d ./src/_initialize_hardware.o
 .debug_abbrev  0x000025f1      0x42a ./src/main.o
 .debug_abbrev  0x00002a1b      0x1b1 ./src/stm32f4xx_hal_msp.o

.debug_line     0x00000000     0x932a
 *(.debug_line)
 .debug_line    0x00000000      0xba2 ./system/src/stm32f4-hal/stm32f4xx_hal.o
 .debug_line    0x00000ba2      0xca2 ./system/src/stm32f4-hal/stm32f4xx_hal_cortex.o
 .debug_line    0x00001844      0xe23 ./system/src/stm32f4-hal/stm32f4xx_hal_rcc.o
 .debug_line    0x00002667      0x368 ./system/src/newlib/_exit.o
 .debug_line    0x000029cf      0x31c ./system/src/newlib/_sbrk.o
 .debug_line    0x00002ceb      0x3ed ./system/src/newlib/_startup.o
 .debug_line    0x000030d8      0x8db ./system/src/newlib/_syscalls.o
 .debug_line    0x000039b3      0x3ac ./system/src/newlib/assert.o
 .debug_line    0x00003d5f      0x3d6 ./system/src/diag/Trace.o
 .debug_line    0x00004135      0xade ./system/src/diag/trace_impl.o
 .debug_line    0x00004c13      0xa46 ./system/src/cortexm/_initialize_hardware.o
 .debug_line    0x00005659      0xbd0 ./system/src/cortexm/exception_handlers.o
 .debug_line    0x00006229      0xa4e ./system/src/cmsis/system_stm32f4xx.o
 .debug_line    0x00006c77      0x263 ./system/src/cmsis/vectors_stm32f401xc.o
 .debug_line    0x00006eda      0xa42 ./src/_initialize_hardware.o
 .debug_line    0x0000791c      0xfce ./src/main.o
 .debug_line    0x000088ea      0xa40 ./src/stm32f4xx_hal_msp.o

.debug_frame    0x00000000     0x1460
 *(.debug_frame)
 .debug_frame   0x00000000      0x188 ./system/src/stm32f4-hal/stm32f4xx_hal.o
 .debug_frame   0x00000188      0x17c ./system/src/stm32f4-hal/stm32f4xx_hal_cortex.o
 .debug_frame   0x00000304      0x140 ./system/src/stm32f4-hal/stm32f4xx_hal_rcc.o
 .debug_frame   0x00000444       0x38 ./system/src/newlib/_exit.o
 .debug_frame   0x0000047c       0x28 ./system/src/newlib/_sbrk.o
 .debug_frame   0x000004a4       0x7c ./system/src/newlib/_startup.o
 .debug_frame   0x00000520      0x3dc ./system/src/newlib/_syscalls.o
 .debug_frame   0x000008fc       0x40 ./system/src/newlib/assert.o
 .debug_frame   0x0000093c       0x94 ./system/src/diag/Trace.o
 .debug_frame   0x000009d0       0x64 ./system/src/diag/trace_impl.o
 .debug_frame   0x00000a34       0x40 ./system/src/cortexm/_initialize_hardware.o
 .debug_frame   0x00000a74      0x164 ./system/src/cortexm/exception_handlers.o
 .debug_frame   0x00000bd8       0x30 ./system/src/cmsis/system_stm32f4xx.o
 .debug_frame   0x00000c08       0x20 ./system/src/cmsis/vectors_stm32f401xc.o
 .debug_frame   0x00000c28       0x4c ./src/_initialize_hardware.o
 .debug_frame   0x00000c74      0x204 ./src/main.o
 .debug_frame   0x00000e78       0x50 ./src/stm32f4xx_hal_msp.o
 .debug_frame   0x00000ec8       0x4c c:/users/myungjoong/eclipse/cpp-oxygen/gcc-arm-none-eabi-7-2017-q4-major-win32/bin/../lib/gcc/arm-none-eabi/7.2.1/thumb/v7e-m\libgcc.a(_arm_addsubsf3.o)
 .debug_frame   0x00000f14       0x38 c:/users/myungjoong/eclipse/cpp-oxygen/gcc-arm-none-eabi-7-2017-q4-major-win32/bin/../lib/gcc/arm-none-eabi/7.2.1/thumb/v7e-m\libgcc.a(_arm_muldivsf3.o)
 .debug_frame   0x00000f4c       0x24 c:/users/myungjoong/eclipse/cpp-oxygen/gcc-arm-none-eabi-7-2017-q4-major-win32/bin/../lib/gcc/arm-none-eabi/7.2.1/thumb/v7e-m\libgcc.a(_arm_fixsfsi.o)
 .debug_frame   0x00000f70       0x20 c:/users/myungjoong/eclipse/cpp-oxygen/gcc-arm-none-eabi-7-2017-q4-major-win32/bin/../lib/gcc/arm-none-eabi/7.2.1/../../../../arm-none-eabi/lib/thumb/v7e-m\libg_nano.a(lib_a-errno.o)
 .debug_frame   0x00000f90      0x11c c:/users/myungjoong/eclipse/cpp-oxygen/gcc-arm-none-eabi-7-2017-q4-major-win32/bin/../lib/gcc/arm-none-eabi/7.2.1/../../../../arm-none-eabi/lib/thumb/v7e-m\libg_nano.a(lib_a-findfp.o)
 .debug_frame   0x000010ac       0x68 c:/users/myungjoong/eclipse/cpp-oxygen/gcc-arm-none-eabi-7-2017-q4-major-win32/bin/../lib/gcc/arm-none-eabi/7.2.1/../../../../arm-none-eabi/lib/thumb/v7e-m\libg_nano.a(lib_a-locale.o)
 .debug_frame   0x00001114       0x48 c:/users/myungjoong/eclipse/cpp-oxygen/gcc-arm-none-eabi-7-2017-q4-major-win32/bin/../lib/gcc/arm-none-eabi/7.2.1/../../../../arm-none-eabi/lib/thumb/v7e-m\libg_nano.a(lib_a-mbtowc_r.o)
 .debug_frame   0x0000115c       0x2c c:/users/myungjoong/eclipse/cpp-oxygen/gcc-arm-none-eabi-7-2017-q4-major-win32/bin/../lib/gcc/arm-none-eabi/7.2.1/../../../../arm-none-eabi/lib/thumb/v7e-m\libg_nano.a(lib_a-nano-mallocr.o)
 .debug_frame   0x00001188       0x2c c:/users/myungjoong/eclipse/cpp-oxygen/gcc-arm-none-eabi-7-2017-q4-major-win32/bin/../lib/gcc/arm-none-eabi/7.2.1/../../../../arm-none-eabi/lib/thumb/v7e-m\libg_nano.a(lib_a-sbrkr.o)
 .debug_frame   0x000011b4       0x20 c:/users/myungjoong/eclipse/cpp-oxygen/gcc-arm-none-eabi-7-2017-q4-major-win32/bin/../lib/gcc/arm-none-eabi/7.2.1/../../../../arm-none-eabi/lib/thumb/v7e-m\libg_nano.a(lib_a-strcmp.o)
 .debug_frame   0x000011d4       0x4c c:/users/myungjoong/eclipse/cpp-oxygen/gcc-arm-none-eabi-7-2017-q4-major-win32/bin/../lib/gcc/arm-none-eabi/7.2.1/../../../../arm-none-eabi/lib/thumb/v7e-m\libg_nano.a(lib_a-vsnprintf.o)
 .debug_frame   0x00001220       0x3c c:/users/myungjoong/eclipse/cpp-oxygen/gcc-arm-none-eabi-7-2017-q4-major-win32/bin/../lib/gcc/arm-none-eabi/7.2.1/../../../../arm-none-eabi/lib/thumb/v7e-m\libg_nano.a(lib_a-wctomb_r.o)
 .debug_frame   0x0000125c       0x30 c:/users/myungjoong/eclipse/cpp-oxygen/gcc-arm-none-eabi-7-2017-q4-major-win32/bin/../lib/gcc/arm-none-eabi/7.2.1/../../../../arm-none-eabi/lib/thumb/v7e-m\libg_nano.a(lib_a-mlock.o)
 .debug_frame   0x0000128c       0x38 c:/users/myungjoong/eclipse/cpp-oxygen/gcc-arm-none-eabi-7-2017-q4-major-win32/bin/../lib/gcc/arm-none-eabi/7.2.1/../../../../arm-none-eabi/lib/thumb/v7e-m\libg_nano.a(lib_a-nano-freer.o)
 .debug_frame   0x000012c4       0x90 c:/users/myungjoong/eclipse/cpp-oxygen/gcc-arm-none-eabi-7-2017-q4-major-win32/bin/../lib/gcc/arm-none-eabi/7.2.1/../../../../arm-none-eabi/lib/thumb/v7e-m\libg_nano.a(lib_a-nano-svfprintf.o)
 .debug_frame   0x00001354       0x60 c:/users/myungjoong/eclipse/cpp-oxygen/gcc-arm-none-eabi-7-2017-q4-major-win32/bin/../lib/gcc/arm-none-eabi/7.2.1/../../../../arm-none-eabi/lib/thumb/v7e-m\libg_nano.a(lib_a-nano-vfprintf_i.o)
 .debug_frame   0x000013b4       0x28 c:/users/myungjoong/eclipse/cpp-oxygen/gcc-arm-none-eabi-7-2017-q4-major-win32/bin/../lib/gcc/arm-none-eabi/7.2.1/../../../../arm-none-eabi/lib/thumb/v7e-m\libg_nano.a(lib_a-memcpy-stub.o)
 .debug_frame   0x000013dc       0x28 c:/users/myungjoong/eclipse/cpp-oxygen/gcc-arm-none-eabi-7-2017-q4-major-win32/bin/../lib/gcc/arm-none-eabi/7.2.1/../../../../arm-none-eabi/lib/thumb/v7e-m\libg_nano.a(lib_a-memmove.o)
 .debug_frame   0x00001404       0x3c c:/users/myungjoong/eclipse/cpp-oxygen/gcc-arm-none-eabi-7-2017-q4-major-win32/bin/../lib/gcc/arm-none-eabi/7.2.1/../../../../arm-none-eabi/lib/thumb/v7e-m\libg_nano.a(lib_a-nano-reallocr.o)
 .debug_frame   0x00001440       0x20 c:/users/myungjoong/eclipse/cpp-oxygen/gcc-arm-none-eabi-7-2017-q4-major-win32/bin/../lib/gcc/arm-none-eabi/7.2.1/../../../../arm-none-eabi/lib/thumb/v7e-m\libg_nano.a(lib_a-nano-msizer.o)

.debug_str      0x00000000    0x75126
 *(.debug_str)
 .debug_str     0x00000000    0x6f30d ./system/src/stm32f4-hal/stm32f4xx_hal.o
                              0x6f720 (size before relaxing)
 .debug_str     0x0006f30d      0x3a1 ./system/src/stm32f4-hal/stm32f4xx_hal_cortex.o
                              0x6f59f (size before relaxing)
 .debug_str     0x0006f6ae      0x400 ./system/src/stm32f4-hal/stm32f4xx_hal_rcc.o
                              0x6f2b7 (size before relaxing)
 .debug_str     0x0006faae     0x10fa ./system/src/newlib/_exit.o
                               0x7559 (size before relaxing)
 .debug_str     0x00070ba8      0x4f5 ./system/src/newlib/_sbrk.o
                               0x690b (size before relaxing)
 .debug_str     0x0007109d      0x2c6 ./system/src/newlib/_startup.o
                               0x60da (size before relaxing)
 .debug_str     0x00071363     0x1edc ./system/src/newlib/_syscalls.o
                               0xa954 (size before relaxing)
 .debug_str     0x0007323f       0xd0 ./system/src/newlib/assert.o
                               0x800f (size before relaxing)
 .debug_str     0x0007330f      0x156 ./system/src/diag/Trace.o
                               0x7d3b (size before relaxing)
 .debug_str     0x00073465       0xa2 ./system/src/diag/trace_impl.o
                              0x7001f (size before relaxing)
 .debug_str     0x00073507       0x5e ./system/src/cortexm/_initialize_hardware.o
                              0x6edbb (size before relaxing)
 .debug_str     0x00073565      0x1dc ./system/src/cortexm/exception_handlers.o
                              0x7020d (size before relaxing)
 .debug_str     0x00073741       0x46 ./system/src/cmsis/system_stm32f4xx.o
                              0x6ee9c (size before relaxing)
 .debug_str     0x00073787       0x59 ./system/src/cmsis/vectors_stm32f401xc.o
                               0x3548 (size before relaxing)
 .debug_str     0x000737e0       0x31 ./src/_initialize_hardware.o
                              0x6efb2 (size before relaxing)
 .debug_str     0x00073811     0x18d8 ./src/main.o
                              0x7169d (size before relaxing)
 .debug_str     0x000750e9       0x3d ./src/stm32f4xx_hal_msp.o
                              0x6ecf9 (size before relaxing)

.debug_loc      0x00000000     0x2dc0
 *(.debug_loc)
 .debug_loc     0x00000000       0x92 ./system/src/stm32f4-hal/stm32f4xx_hal.o
 .debug_loc     0x00000092      0x73b ./system/src/stm32f4-hal/stm32f4xx_hal_cortex.o
 .debug_loc     0x000007cd      0x4cd ./system/src/stm32f4-hal/stm32f4xx_hal_rcc.o
 .debug_loc     0x00000c9a       0x85 ./system/src/newlib/_sbrk.o
 .debug_loc     0x00000d1f      0x2d3 ./system/src/newlib/_startup.o
 .debug_loc     0x00000ff2      0xfe5 ./system/src/newlib/_syscalls.o
 .debug_loc     0x00001fd7      0x134 ./system/src/newlib/assert.o
 .debug_loc     0x0000210b       0xf6 ./system/src/diag/Trace.o
 .debug_loc     0x00002201      0x121 ./system/src/diag/trace_impl.o
 .debug_loc     0x00002322      0x43d ./system/src/cortexm/exception_handlers.o
 .debug_loc     0x0000275f      0x13e ./system/src/cmsis/system_stm32f4xx.o
 .debug_loc     0x0000289d      0x523 ./src/main.o

.debug_macinfo
 *(.debug_macinfo)

.debug_weaknames
 *(.debug_weaknames)

.debug_funcnames
 *(.debug_funcnames)

.debug_typenames
 *(.debug_typenames)

.debug_varnames
 *(.debug_varnames)
OUTPUT(v04_cpLED_ADCmf.elf elf32-littlearm)

.debug_ranges   0x00000000      0x6e0
 .debug_ranges  0x00000000       0xb0 ./system/src/stm32f4-hal/stm32f4xx_hal.o
 .debug_ranges  0x000000b0       0xe8 ./system/src/stm32f4-hal/stm32f4xx_hal_cortex.o
 .debug_ranges  0x00000198       0x78 ./system/src/stm32f4-hal/stm32f4xx_hal_rcc.o
 .debug_ranges  0x00000210       0x18 ./system/src/newlib/_exit.o
 .debug_ranges  0x00000228       0x10 ./system/src/newlib/_sbrk.o
 .debug_ranges  0x00000238       0x90 ./system/src/newlib/_startup.o
 .debug_ranges  0x000002c8      0x158 ./system/src/newlib/_syscalls.o
 .debug_ranges  0x00000420       0x18 ./system/src/newlib/assert.o
 .debug_ranges  0x00000438       0x28 ./system/src/diag/Trace.o
 .debug_ranges  0x00000460       0x38 ./system/src/diag/trace_impl.o
 .debug_ranges  0x00000498       0x18 ./system/src/cortexm/_initialize_hardware.o
 .debug_ranges  0x000004b0       0x80 ./system/src/cortexm/exception_handlers.o
 .debug_ranges  0x00000530       0x18 ./system/src/cmsis/system_stm32f4xx.o
 .debug_ranges  0x00000548       0x10 ./system/src/cmsis/vectors_stm32f401xc.o
 .debug_ranges  0x00000558       0x18 ./src/_initialize_hardware.o
 .debug_ranges  0x00000570      0x148 ./src/main.o
 .debug_ranges  0x000006b8       0x28 ./src/stm32f4xx_hal_msp.o

.debug_macro    0x00000000    0x16ccc
 .debug_macro   0x00000000      0x53a ./system/src/stm32f4-hal/stm32f4xx_hal.o
 .debug_macro   0x0000053a      0x8ce ./system/src/stm32f4-hal/stm32f4xx_hal.o
 .debug_macro   0x00000e08      0x289 ./system/src/stm32f4-hal/stm32f4xx_hal.o
 .debug_macro   0x00001091       0x31 ./system/src/stm32f4-hal/stm32f4xx_hal.o
 .debug_macro   0x000010c2       0x28 ./system/src/stm32f4-hal/stm32f4xx_hal.o
 .debug_macro   0x000010ea       0x22 ./system/src/stm32f4-hal/stm32f4xx_hal.o
 .debug_macro   0x0000110c       0x87 ./system/src/stm32f4-hal/stm32f4xx_hal.o
 .debug_macro   0x00001193       0x51 ./system/src/stm32f4-hal/stm32f4xx_hal.o
 .debug_macro   0x000011e4       0xef ./system/src/stm32f4-hal/stm32f4xx_hal.o
 .debug_macro   0x000012d3       0x6a ./system/src/stm32f4-hal/stm32f4xx_hal.o
 .debug_macro   0x0000133d      0x1df ./system/src/stm32f4-hal/stm32f4xx_hal.o
 .debug_macro   0x0000151c       0x35 ./system/src/stm32f4-hal/stm32f4xx_hal.o
 .debug_macro   0x00001551       0x50 ./system/src/stm32f4-hal/stm32f4xx_hal.o
 .debug_macro   0x000015a1      0xe66 ./system/src/stm32f4-hal/stm32f4xx_hal.o
 .debug_macro   0x00002407     0x5099 ./system/src/stm32f4-hal/stm32f4xx_hal.o
 .debug_macro   0x000074a0       0x43 ./system/src/stm32f4-hal/stm32f4xx_hal.o
 .debug_macro   0x000074e3     0x347f ./system/src/stm32f4-hal/stm32f4xx_hal.o
 .debug_macro   0x0000a962       0x58 ./system/src/stm32f4-hal/stm32f4xx_hal.o
 .debug_macro   0x0000a9ba       0x35 ./system/src/stm32f4-hal/stm32f4xx_hal.o
 .debug_macro   0x0000a9ef       0x9c ./system/src/stm32f4-hal/stm32f4xx_hal.o
 .debug_macro   0x0000aa8b       0x16 ./system/src/stm32f4-hal/stm32f4xx_hal.o
 .debug_macro   0x0000aaa1       0x97 ./system/src/stm32f4-hal/stm32f4xx_hal.o
 .debug_macro   0x0000ab38      0x330 ./system/src/stm32f4-hal/stm32f4xx_hal.o
 .debug_macro   0x0000ae68       0xfd ./system/src/stm32f4-hal/stm32f4xx_hal.o
 .debug_macro   0x0000af65       0x10 ./system/src/stm32f4-hal/stm32f4xx_hal.o
 .debug_macro   0x0000af75       0x58 ./system/src/stm32f4-hal/stm32f4xx_hal.o
 .debug_macro   0x0000afcd       0x1f ./system/src/stm32f4-hal/stm32f4xx_hal.o
 .debug_macro   0x0000afec       0x43 ./system/src/stm32f4-hal/stm32f4xx_hal.o
 .debug_macro   0x0000b02f       0x20 ./system/src/stm32f4-hal/stm32f4xx_hal.o
 .debug_macro   0x0000b04f      0x187 ./system/src/stm32f4-hal/stm32f4xx_hal.o
 .debug_macro   0x0000b1d6       0x10 ./system/src/stm32f4-hal/stm32f4xx_hal.o
 .debug_macro   0x0000b1e6       0x1c ./system/src/stm32f4-hal/stm32f4xx_hal.o
 .debug_macro   0x0000b202       0x52 ./system/src/stm32f4-hal/stm32f4xx_hal.o
 .debug_macro   0x0000b254       0x40 ./system/src/stm32f4-hal/stm32f4xx_hal.o
 .debug_macro   0x0000b294       0x10 ./system/src/stm32f4-hal/stm32f4xx_hal.o
 .debug_macro   0x0000b2a4       0x40 ./system/src/stm32f4-hal/stm32f4xx_hal.o
 .debug_macro   0x0000b2e4       0xd7 ./system/src/stm32f4-hal/stm32f4xx_hal.o
 .debug_macro   0x0000b3bb       0x16 ./system/src/stm32f4-hal/stm32f4xx_hal.o
 .debug_macro   0x0000b3d1      0x18b ./system/src/stm32f4-hal/stm32f4xx_hal.o
 .debug_macro   0x0000b55c       0x57 ./system/src/stm32f4-hal/stm32f4xx_hal.o
 .debug_macro   0x0000b5b3      0x424 ./system/src/stm32f4-hal/stm32f4xx_hal.o
 .debug_macro   0x0000b9d7      0x9e1 ./system/src/stm32f4-hal/stm32f4xx_hal.o
 .debug_macro   0x0000c3b8      0x11e ./system/src/stm32f4-hal/stm32f4xx_hal.o
 .debug_macro   0x0000c4d6       0xf8 ./system/src/stm32f4-hal/stm32f4xx_hal.o
 .debug_macro   0x0000c5ce       0x27 ./system/src/stm32f4-hal/stm32f4xx_hal.o
 .debug_macro   0x0000c5f5      0x287 ./system/src/stm32f4-hal/stm32f4xx_hal.o
 .debug_macro   0x0000c87c       0x5f ./system/src/stm32f4-hal/stm32f4xx_hal.o
 .debug_macro   0x0000c8db      0x23a ./system/src/stm32f4-hal/stm32f4xx_hal.o
 .debug_macro   0x0000cb15      0x391 ./system/src/stm32f4-hal/stm32f4xx_hal.o
 .debug_macro   0x0000cea6      0x16f ./system/src/stm32f4-hal/stm32f4xx_hal.o
 .debug_macro   0x0000d015       0xf9 ./system/src/stm32f4-hal/stm32f4xx_hal.o
 .debug_macro   0x0000d10e       0x23 ./system/src/stm32f4-hal/stm32f4xx_hal.o
 .debug_macro   0x0000d131      0x13a ./system/src/stm32f4-hal/stm32f4xx_hal.o
 .debug_macro   0x0000d26b      0x23a ./system/src/stm32f4-hal/stm32f4xx_hal.o
 .debug_macro   0x0000d4a5       0x2e ./system/src/stm32f4-hal/stm32f4xx_hal.o
 .debug_macro   0x0000d4d3      0x1a7 ./system/src/stm32f4-hal/stm32f4xx_hal.o
 .debug_macro   0x0000d67a       0x22 ./system/src/stm32f4-hal/stm32f4xx_hal.o
 .debug_macro   0x0000d69c       0xa5 ./system/src/stm32f4-hal/stm32f4xx_hal.o
 .debug_macro   0x0000d741      0x18b ./system/src/stm32f4-hal/stm32f4xx_hal.o
 .debug_macro   0x0000d8cc       0x24 ./system/src/stm32f4-hal/stm32f4xx_hal.o
 .debug_macro   0x0000d8f0       0x35 ./system/src/stm32f4-hal/stm32f4xx_hal.o
 .debug_macro   0x0000d925       0x79 ./system/src/stm32f4-hal/stm32f4xx_hal.o
 .debug_macro   0x0000d99e      0x11e ./system/src/stm32f4-hal/stm32f4xx_hal.o
 .debug_macro   0x0000dabc       0x85 ./system/src/stm32f4-hal/stm32f4xx_hal.o
 .debug_macro   0x0000db41       0x89 ./system/src/stm32f4-hal/stm32f4xx_hal.o
 .debug_macro   0x0000dbca      0x31a ./system/src/stm32f4-hal/stm32f4xx_hal.o
 .debug_macro   0x0000dee4      0x409 ./system/src/stm32f4-hal/stm32f4xx_hal.o
 .debug_macro   0x0000e2ed       0xe4 ./system/src/stm32f4-hal/stm32f4xx_hal.o
 .debug_macro   0x0000e3d1      0x48d ./system/src/stm32f4-hal/stm32f4xx_hal.o
 .debug_macro   0x0000e85e      0x22b ./system/src/stm32f4-hal/stm32f4xx_hal.o
 .debug_macro   0x0000ea89      0x202 ./system/src/stm32f4-hal/stm32f4xx_hal.o
 .debug_macro   0x0000ec8b      0x6d9 ./system/src/stm32f4-hal/stm32f4xx_hal.o
 .debug_macro   0x0000f364       0x5b ./system/src/stm32f4-hal/stm32f4xx_hal.o
 .debug_macro   0x0000f3bf      0x14d ./system/src/stm32f4-hal/stm32f4xx_hal.o
 .debug_macro   0x0000f50c      0x287 ./system/src/stm32f4-hal/stm32f4xx_hal.o
 .debug_macro   0x0000f793      0x225 ./system/src/stm32f4-hal/stm32f4xx_hal.o
 .debug_macro   0x0000f9b8      0x1b5 ./system/src/stm32f4-hal/stm32f4xx_hal.o
 .debug_macro   0x0000fb6d      0x2db ./system/src/stm32f4-hal/stm32f4xx_hal.o
 .debug_macro   0x0000fe48       0x89 ./system/src/stm32f4-hal/stm32f4xx_hal.o
 .debug_macro   0x0000fed1      0x1df ./system/src/stm32f4-hal/stm32f4xx_hal.o
 .debug_macro   0x000100b0      0x115 ./system/src/stm32f4-hal/stm32f4xx_hal.o
 .debug_macro   0x000101c5       0x6e ./system/src/stm32f4-hal/stm32f4xx_hal.o
 .debug_macro   0x00010233      0x11e ./system/src/stm32f4-hal/stm32f4xx_hal.o
 .debug_macro   0x00010351      0x4ec ./system/src/stm32f4-hal/stm32f4xx_hal_cortex.o
 .debug_macro   0x0001083d      0x516 ./system/src/stm32f4-hal/stm32f4xx_hal_rcc.o
 .debug_macro   0x00010d53      0x1a7 ./system/src/newlib/_exit.o
 .debug_macro   0x00010efa      0x10e ./system/src/newlib/_exit.o
 .debug_macro   0x00011008       0x8d ./system/src/newlib/_exit.o
 .debug_macro   0x00011095       0x35 ./system/src/newlib/_exit.o
 .debug_macro   0x000110ca      0x15c ./system/src/newlib/_sbrk.o
 .debug_macro   0x00011226      0x174 ./system/src/newlib/_sbrk.o
 .debug_macro   0x0001139a       0x10 ./system/src/newlib/_sbrk.o
 .debug_macro   0x000113aa      0x23b ./system/src/newlib/_sbrk.o
 .debug_macro   0x000115e5      0x17b ./system/src/newlib/_startup.o
 .debug_macro   0x00011760      0x8d4 ./system/src/newlib/_startup.o
 .debug_macro   0x00012034      0x2cc ./system/src/newlib/_syscalls.o
 .debug_macro   0x00012300       0x10 ./system/src/newlib/_syscalls.o
 .debug_macro   0x00012310       0x10 ./system/src/newlib/_syscalls.o
 .debug_macro   0x00012320       0x10 ./system/src/newlib/_syscalls.o
 .debug_macro   0x00012330       0x35 ./system/src/newlib/_syscalls.o
 .debug_macro   0x00012365      0x122 ./system/src/newlib/_syscalls.o
 .debug_macro   0x00012487      0x1da ./system/src/newlib/_syscalls.o
 .debug_macro   0x00012661       0x10 ./system/src/newlib/_syscalls.o
 .debug_macro   0x00012671       0x1c ./system/src/newlib/_syscalls.o
 .debug_macro   0x0001268d       0x10 ./system/src/newlib/_syscalls.o
 .debug_macro   0x0001269d       0x16 ./system/src/newlib/_syscalls.o
 .debug_macro   0x000126b3       0x88 ./system/src/newlib/_syscalls.o
 .debug_macro   0x0001273b      0x241 ./system/src/newlib/_syscalls.o
 .debug_macro   0x0001297c       0x16 ./system/src/newlib/_syscalls.o
 .debug_macro   0x00012992       0x3a ./system/src/newlib/_syscalls.o
 .debug_macro   0x000129cc      0x111 ./system/src/newlib/_syscalls.o
 .debug_macro   0x00012add      0x159 ./system/src/newlib/_syscalls.o
 .debug_macro   0x00012c36       0x16 ./system/src/newlib/_syscalls.o
 .debug_macro   0x00012c4c       0x22 ./system/src/newlib/_syscalls.o
 .debug_macro   0x00012c6e      0x1d2 ./system/src/newlib/assert.o
 .debug_macro   0x00012e40       0x1c ./system/src/newlib/assert.o
 .debug_macro   0x00012e5c      0x1e4 ./system/src/diag/Trace.o
 .debug_macro   0x00013040       0x4c ./system/src/diag/Trace.o
 .debug_macro   0x0001308c      0x532 ./system/src/diag/trace_impl.o
 .debug_macro   0x000135be      0x4f6 ./system/src/cortexm/_initialize_hardware.o
 .debug_macro   0x00013ab4      0x56a ./system/src/cortexm/exception_handlers.o
 .debug_macro   0x0001401e       0x3b ./system/src/cortexm/exception_handlers.o
 .debug_macro   0x00014059      0x4f2 ./system/src/cmsis/system_stm32f4xx.o
 .debug_macro   0x0001454b       0x73 ./system/src/cmsis/vectors_stm32f401xc.o
 .debug_macro   0x000145be      0x4ec ./src/_initialize_hardware.o
 .debug_macro   0x00014aaa      0x666 ./src/main.o
 .debug_macro   0x00015110      0xa72 ./src/main.o
 .debug_macro   0x00015b82       0x52 ./src/main.o
 .debug_macro   0x00015bd4       0x17 ./src/main.o
 .debug_macro   0x00015beb       0x35 ./src/main.o
 .debug_macro   0x00015c20      0x330 ./src/main.o
 .debug_macro   0x00015f50       0x20 ./src/main.o
 .debug_macro   0x00015f70      0x18e ./src/main.o
 .debug_macro   0x000160fe       0x1c ./src/main.o
 .debug_macro   0x0001611a       0x3d ./src/main.o
 .debug_macro   0x00016157      0x16f ./src/main.o
 .debug_macro   0x000162c6      0x51a ./src/main.o
 .debug_macro   0x000167e0      0x4ec ./src/stm32f4xx_hal_msp.o
